Archive member included because of file (symbol)

lib_bootstrap/libbootstrap.a(bootstrap_board.o)
                              cpu/mips/start_bootstrap.o (bootstrap_board_init_r)
lib_bootstrap/libbootstrap.a(string.o)
                              lib_bootstrap/libbootstrap.a(bootstrap_board.o) (memset)
lib_bootstrap/libbootstrap.a(crc32.o)
                              lib_bootstrap/libbootstrap.a(bootstrap_board.o) (crc32)
lib_bootstrap/libbootstrap.a(LzmaWrapper.o)
                              lib_bootstrap/libbootstrap.a(bootstrap_board.o) (lzma_inflate)
lib_bootstrap/libbootstrap.a(time.o)
                              lib_bootstrap/libbootstrap.a(bootstrap_board.o) (timer_init)
lib_bootstrap/libbootstrap.a(LzmaDecode.o)
                              lib_bootstrap/libbootstrap.a(LzmaWrapper.o) (LzmaDecodeProperties)
board/atheros/board956x/libboard956x.a(board956x.o)
                              lib_bootstrap/libbootstrap.a(bootstrap_board.o) (initdram)
board/atheros/board956x/libboard956x.a(init-956x.o)
                              board/atheros/board956x/libboard956x.a(board956x.o) (ath_ddr_find_size)
board/atheros/board956x/libboard956x.a(serial.o)
                              lib_bootstrap/libbootstrap.a(bootstrap_board.o) (serial_init)
board/atheros/board956x/libboard956x.a(ath_pci.o)
                              lib_bootstrap/libbootstrap.a(bootstrap_board.o) (pci_init_board)
board/atheros/board956x/libboard956x.a(956x.o)
                              cpu/mips/start_bootstrap.o (lowlevel_init)
board/atheros/board956x/libboard956x.a(led.o)
                              cpu/mips/start_bootstrap.o (setLed)
cpu/mips/libmips.a(interrupts.o)
                              lib_bootstrap/libbootstrap.a(bootstrap_board.o) (disable_interrupts)
cpu/mips/libmips.a(cache.o)   cpu/mips/start_bootstrap.o (simple_mips_cache_reset)

Allocating common symbols
Common symbol       size              file

monitor_flash_len   0x4               lib_bootstrap/libbootstrap.a(bootstrap_board.o)
___strtok           0x4               lib_bootstrap/libbootstrap.a(string.o)

Discarded input sections

 .reginfo       0x0000000000000000        0x0 lib_bootstrap/libbootstrap.a(bootstrap_board.o)
 .reginfo       0x0000000000000000        0x0 lib_bootstrap/libbootstrap.a(string.o)
 .reginfo       0x0000000000000000        0x0 lib_bootstrap/libbootstrap.a(crc32.o)
 .reginfo       0x0000000000000000        0x0 lib_bootstrap/libbootstrap.a(LzmaWrapper.o)
 .reginfo       0x0000000000000000        0x0 lib_bootstrap/libbootstrap.a(time.o)
 .reginfo       0x0000000000000000        0x0 lib_bootstrap/libbootstrap.a(LzmaDecode.o)
 .reginfo       0x0000000000000000        0x0 board/atheros/board956x/libboard956x.a(board956x.o)
 .reginfo       0x0000000000000000        0x0 board/atheros/board956x/libboard956x.a(init-956x.o)
 .reginfo       0x0000000000000000        0x0 board/atheros/board956x/libboard956x.a(serial.o)
 .reginfo       0x0000000000000000        0x0 board/atheros/board956x/libboard956x.a(ath_pci.o)
 .reginfo       0x0000000000000000        0x0 board/atheros/board956x/libboard956x.a(956x.o)
 .reginfo       0x0000000000000000        0x0 board/atheros/board956x/libboard956x.a(led.o)
 .reginfo       0x0000000000000000        0x0 cpu/mips/libmips.a(interrupts.o)
 .reginfo       0x0000000000000000        0x0 cpu/mips/libmips.a(cache.o)

Memory Configuration

Name             Origin             Length             Attributes
*default*        0x0000000000000000 0xffffffffffffffff

Linker script and memory map

                0x0000000000000000                . = 0x0
                0x0000000000000000                . = ALIGN (0x4)

.text           0x000000009f000000     0x3ac0
 *(.text)
 .text          0x000000009f000000      0x890 cpu/mips/start_bootstrap.o
                0x000000009f000000                _start_bootstrap
                0x000000009f00056c                bootstrap_relocate_code
                0x000000009f000638                ath_ddr_tap_cal
 .text          0x000000009f000890      0x360 lib_bootstrap/libbootstrap.a(bootstrap_board.o)
                0x000000009f000934                hang
                0x000000009f000890                malloc
                0x000000009f0008d0                realloc
                0x000000009f0008e0                sbrk
                0x000000009f000abc                bootstrap_board_init_f
                0x000000009f000988                bootstrap_board_init_r
                0x000000009f0008d8                free
 .text          0x000000009f000bf0      0x5a0 lib_bootstrap/libbootstrap.a(string.o)
                0x000000009f000f88                memmove
                0x000000009f000f5c                memcpy
                0x000000009f000ee8                strswab
                0x000000009f000d2c                strnlen
                0x000000009f000cb8                strrchr
                0x000000009f000bf0                strcat
                0x000000009f0010e0                memchr
                0x000000009f001024                strstr
                0x000000009f000dc8                strtok
                0x000000009f000fec                memcmp
                0x000000009f000c1c                strncat
                0x000000009f00110c                strdup
                0x000000009f000f38                memset
                0x000000009f000e84                strsep
                0x000000009f000d54                strspn
                0x000000009f000ca0                strlen
                0x000000009f000c70                strchr
                0x000000009f000d90                strpbrk
 .text          0x000000009f001190      0x190 lib_bootstrap/libbootstrap.a(crc32.o)
                0x000000009f001190                crc32
 .text          0x000000009f001320      0x260 lib_bootstrap/libbootstrap.a(LzmaWrapper.o)
                0x000000009f001320                lzma_inflate
 .text          0x000000009f001580       0xb0 lib_bootstrap/libbootstrap.a(time.o)
                0x000000009f0015b0                set_timer
                0x000000009f001594                reset_timer
                0x000000009f001624                get_tbclk
                0x000000009f0015a4                get_timer
                0x000000009f001580                timer_init
                0x000000009f0015bc                udelay
                0x000000009f001618                get_ticks
 .text          0x000000009f001630      0xa90 lib_bootstrap/libbootstrap.a(LzmaDecode.o)
                0x000000009f001630                LzmaDecodeProperties
                0x000000009f0016a8                LzmaDecode
 .text          0x000000009f0020c0      0x430 board/atheros/board956x/libboard956x.a(board956x.o)
                0x000000009f0022e0                ath_usb1_initial_config
                0x000000009f0020e8                checkboard
                0x000000009f002440                ath_mem_config
                0x000000009f0024d4                initdram
                0x000000009f002168                ath_usb2_initial_config
                0x000000009f0020c0                ath_gpio_config
 .text          0x000000009f0024f0      0x7d0 board/atheros/board956x/libboard956x.a(init-956x.o)
                0x000000009f002580                ath_sys_frequency
                0x000000009f0027ec                ath_ddr_initial_config
                0x000000009f002554                ath_uart_freq
                0x000000009f002540                ath_ram_type
                0x000000009f0024f0                ath_ddr_find_size
 .text          0x000000009f002cc0      0x260 board/atheros/board956x/libboard956x.a(serial.o)
                0x000000009f002d84                serial_setbrg
                0x000000009f002cc0                serial_tstc
                0x000000009f002d18                serial_putc
                0x000000009f002de0                serial_init
                0x000000009f002d8c                serial_puts
                0x000000009f002cd4                serial_getc
 .text          0x000000009f002f20      0x3e0 board/atheros/board956x/libboard956x.a(ath_pci.o)
                0x000000009f0031d8                pci_init_board
                0x000000009f002f20                plat_dev_init
                0x000000009f002f28                pci_rc2_init_board
 .text          0x000000009f003300      0x2b0 board/atheros/board956x/libboard956x.a(956x.o)
                0x000000009f003300                lowlevel_init
 .text          0x000000009f0035b0      0x160 board/atheros/board956x/libboard956x.a(led.o)
                0x000000009f0035b0                setLed
 .text          0x000000009f003710       0x10 cpu/mips/libmips.a(interrupts.o)
                0x000000009f003718                disable_interrupts
                0x000000009f003710                enable_interrupts
 .text          0x000000009f003720      0x3a0 cpu/mips/libmips.a(cache.o)
                0x000000009f0039a0                dcache_flush_range
                0x000000009f003774                mips_cache_reset
                0x000000009f003944                mips_cache_lock
                0x000000009f003720                simple_mips_cache_reset
                0x000000009f003a20                mips_icache_flush_ix
                0x000000009f003a5c                mips_cache_lock_24k
                0x000000009f0039c8                mips_cache_flush
                0x000000009f003918                dcache_status
                0x000000009f003928                dcache_disable
                0x000000009f003ac0                . = ALIGN (0x4)

.rodata         0x000000009f003ac0      0x430
 *(.rodata)
 .rodata        0x000000009f003ac0       0x30 lib_bootstrap/libbootstrap.a(bootstrap_board.o)
                0x000000009f003ac0                version_string
 .rodata        0x000000009f003af0      0x400 lib_bootstrap/libbootstrap.a(crc32.o)

.reginfo        0x000000009f003ef0       0x18
 .reginfo       0x000000009f003ef0       0x18 cpu/mips/start_bootstrap.o

.rodata.str1.4  0x000000009f003f08       0x1c
 .rodata.str1.4
                0x000000009f003f08       0x1c board/atheros/board956x/libboard956x.a(board956x.o)

.rel.dyn        0x000000009f003f24        0x0
 .rel.dyn       0x0000000000000000        0x0 cpu/mips/start_bootstrap.o
                0x000000009f003f24                . = ALIGN (0x4)

.data           0x000000009f003f30        0x0 load address 0x000000009f003f24
 *(.data)
 .data          0x000000009f003f30        0x0 cpu/mips/start_bootstrap.o
 .data          0x000000009f003f30        0x0 lib_bootstrap/libbootstrap.a(bootstrap_board.o)
 .data          0x000000009f003f30        0x0 lib_bootstrap/libbootstrap.a(string.o)
 .data          0x000000009f003f30        0x0 lib_bootstrap/libbootstrap.a(crc32.o)
 .data          0x000000009f003f30        0x0 lib_bootstrap/libbootstrap.a(LzmaWrapper.o)
 .data          0x000000009f003f30        0x0 lib_bootstrap/libbootstrap.a(time.o)
 .data          0x000000009f003f30        0x0 lib_bootstrap/libbootstrap.a(LzmaDecode.o)
 .data          0x000000009f003f30        0x0 board/atheros/board956x/libboard956x.a(board956x.o)
 .data          0x000000009f003f30        0x0 board/atheros/board956x/libboard956x.a(init-956x.o)
 .data          0x000000009f003f30        0x0 board/atheros/board956x/libboard956x.a(serial.o)
 .data          0x000000009f003f30        0x0 board/atheros/board956x/libboard956x.a(ath_pci.o)
 .data          0x000000009f003f30        0x0 board/atheros/board956x/libboard956x.a(956x.o)
 .data          0x000000009f003f30        0x0 board/atheros/board956x/libboard956x.a(led.o)
 .data          0x000000009f003f30        0x0 cpu/mips/libmips.a(interrupts.o)
 .data          0x000000009f003f30        0x0 cpu/mips/libmips.a(cache.o)

.got.plt        0x000000009f003f24        0x0
 .got.plt       0x0000000000000000        0x0 cpu/mips/start_bootstrap.o

.data.rel       0x000000009f003f24       0x14
 .data.rel      0x000000009f003f24       0x14 lib_bootstrap/libbootstrap.a(bootstrap_board.o)
                0x000000009f003f24                init_sequence
                0x000000009f003f38                . = ALIGN (0x4)

.sdata
 *(.sdata)
 *(.sdata)
                0x000000009f003f40                . = ALIGN (0x10)
                0x000000009f003f40                _gp = .
                0x000000009f003f40                __got_start_bootstrap = .

.got            0x000000009f003f40       0xc4
 *(.got)
 .got           0x000000009f003f40       0xc4 cpu/mips/start_bootstrap.o
                0x000000009f003f40                _GLOBAL_OFFSET_TABLE_
                0x000000009f004004                __got_end_bootstrap = .
                0x000000009f004004                uboot_end_data_bootstrap = .
                0x0000000000000031                num_got_entries = ((__got_end_bootstrap - __got_start_bootstrap) >> 0x2)
                0x000000009f004004                . = ALIGN (0x4)

.sbss
 *(.sbss)

.bss            0x000000009f004010       0x30
 *(.bss)
 .bss           0x000000009f004010        0x0 cpu/mips/start_bootstrap.o
 .bss           0x000000009f004010       0x10 lib_bootstrap/libbootstrap.a(bootstrap_board.o)
 .bss           0x000000009f004020        0x0 lib_bootstrap/libbootstrap.a(string.o)
 .bss           0x000000009f004020        0x0 lib_bootstrap/libbootstrap.a(crc32.o)
 .bss           0x000000009f004020       0x10 lib_bootstrap/libbootstrap.a(LzmaWrapper.o)
 .bss           0x000000009f004030        0x0 lib_bootstrap/libbootstrap.a(time.o)
 .bss           0x000000009f004030        0x0 lib_bootstrap/libbootstrap.a(LzmaDecode.o)
 .bss           0x000000009f004030        0x0 board/atheros/board956x/libboard956x.a(board956x.o)
 .bss           0x000000009f004030       0x10 board/atheros/board956x/libboard956x.a(init-956x.o)
 .bss           0x000000009f004040        0x0 board/atheros/board956x/libboard956x.a(serial.o)
 .bss           0x000000009f004040        0x0 board/atheros/board956x/libboard956x.a(ath_pci.o)
 .bss           0x000000009f004040        0x0 board/atheros/board956x/libboard956x.a(956x.o)
 .bss           0x000000009f004040        0x0 board/atheros/board956x/libboard956x.a(led.o)
 .bss           0x000000009f004040        0x0 cpu/mips/libmips.a(interrupts.o)
 .bss           0x000000009f004040        0x0 cpu/mips/libmips.a(cache.o)
                0x000000009f004040                uboot_end_bootstrap = .
Address of section .text set to 0x9f000000
LOAD cpu/mips/start_bootstrap.o
START GROUP
LOAD lib_bootstrap/libbootstrap.a
LOAD board/atheros/board956x/libboard956x.a
LOAD cpu/mips/libmips.a
END GROUP
LOAD /home/wyw/Documents/model_qca_949v5/model_qca/build/gcc-4.3.3/build_mips/staging_dir/usr/bin/../lib/gcc/mips-linux-uclibc/4.3.3/libgcc.a
OUTPUT(bootstrap elf32-tradbigmips)

.scommon        0x000000009f004040        0x8
 .scommon       0x000000009f004040        0x4 lib_bootstrap/libbootstrap.a(bootstrap_board.o)
                0x000000009f004040                monitor_flash_len
 .scommon       0x000000009f004044        0x4 lib_bootstrap/libbootstrap.a(string.o)
                0x000000009f004044                ___strtok

.pdr            0x0000000000000000      0x8c0
 .pdr           0x0000000000000000       0x20 cpu/mips/start_bootstrap.o
 .pdr           0x0000000000000020      0x100 lib_bootstrap/libbootstrap.a(bootstrap_board.o)
 .pdr           0x0000000000000120      0x240 lib_bootstrap/libbootstrap.a(string.o)
 .pdr           0x0000000000000360       0x20 lib_bootstrap/libbootstrap.a(crc32.o)
 .pdr           0x0000000000000380       0x20 lib_bootstrap/libbootstrap.a(LzmaWrapper.o)
 .pdr           0x00000000000003a0       0xe0 lib_bootstrap/libbootstrap.a(time.o)
 .pdr           0x0000000000000480       0x40 lib_bootstrap/libbootstrap.a(LzmaDecode.o)
 .pdr           0x00000000000004c0       0xc0 board/atheros/board956x/libboard956x.a(board956x.o)
 .pdr           0x0000000000000580       0xa0 board/atheros/board956x/libboard956x.a(init-956x.o)
 .pdr           0x0000000000000620       0xc0 board/atheros/board956x/libboard956x.a(serial.o)
 .pdr           0x00000000000006e0       0x60 board/atheros/board956x/libboard956x.a(ath_pci.o)
 .pdr           0x0000000000000740        0x0 board/atheros/board956x/libboard956x.a(956x.o)
 .pdr           0x0000000000000740       0x20 board/atheros/board956x/libboard956x.a(led.o)
 .pdr           0x0000000000000760       0x40 cpu/mips/libmips.a(interrupts.o)
 .pdr           0x00000000000007a0      0x120 cpu/mips/libmips.a(cache.o)

.stab           0x0000000000000000     0x2010
 .stab          0x0000000000000000     0x1224 cpu/mips/start_bootstrap.o
 .stab          0x0000000000001224      0x30c board/atheros/board956x/libboard956x.a(956x.o)
                                        0x318 (size before relaxing)
 .stab          0x0000000000001530      0x378 board/atheros/board956x/libboard956x.a(led.o)
                                        0x384 (size before relaxing)
 .stab          0x00000000000018a8      0x768 cpu/mips/libmips.a(cache.o)
                                        0x774 (size before relaxing)

.stabstr        0x0000000000000000      0x272
 .stabstr       0x0000000000000000      0x272 cpu/mips/start_bootstrap.o

.mdebug.abi32   0x0000000000000000        0x0
 .mdebug.abi32  0x0000000000000000        0x0 lib_bootstrap/libbootstrap.a(bootstrap_board.o)
 .mdebug.abi32  0x0000000000000000        0x0 lib_bootstrap/libbootstrap.a(string.o)
 .mdebug.abi32  0x0000000000000000        0x0 lib_bootstrap/libbootstrap.a(crc32.o)
 .mdebug.abi32  0x0000000000000000        0x0 lib_bootstrap/libbootstrap.a(LzmaWrapper.o)
 .mdebug.abi32  0x0000000000000000        0x0 lib_bootstrap/libbootstrap.a(time.o)
 .mdebug.abi32  0x0000000000000000        0x0 lib_bootstrap/libbootstrap.a(LzmaDecode.o)
 .mdebug.abi32  0x0000000000000000        0x0 board/atheros/board956x/libboard956x.a(board956x.o)
 .mdebug.abi32  0x0000000000000000        0x0 board/atheros/board956x/libboard956x.a(init-956x.o)
 .mdebug.abi32  0x0000000000000000        0x0 board/atheros/board956x/libboard956x.a(serial.o)
 .mdebug.abi32  0x0000000000000000        0x0 board/atheros/board956x/libboard956x.a(ath_pci.o)
 .mdebug.abi32  0x0000000000000000        0x0 cpu/mips/libmips.a(interrupts.o)

.debug_abbrev   0x0000000000000000      0xf74
 .debug_abbrev  0x0000000000000000      0x2a1 lib_bootstrap/libbootstrap.a(bootstrap_board.o)
 .debug_abbrev  0x00000000000002a1      0x21c lib_bootstrap/libbootstrap.a(string.o)
 .debug_abbrev  0x00000000000004bd       0x9c lib_bootstrap/libbootstrap.a(crc32.o)
 .debug_abbrev  0x0000000000000559      0x1a7 lib_bootstrap/libbootstrap.a(LzmaWrapper.o)
 .debug_abbrev  0x0000000000000700      0x179 lib_bootstrap/libbootstrap.a(time.o)
 .debug_abbrev  0x0000000000000879      0x164 lib_bootstrap/libbootstrap.a(LzmaDecode.o)
 .debug_abbrev  0x00000000000009dd      0x157 board/atheros/board956x/libboard956x.a(board956x.o)
 .debug_abbrev  0x0000000000000b34      0x169 board/atheros/board956x/libboard956x.a(init-956x.o)
 .debug_abbrev  0x0000000000000c9d      0x117 board/atheros/board956x/libboard956x.a(serial.o)
 .debug_abbrev  0x0000000000000db4      0x15b board/atheros/board956x/libboard956x.a(ath_pci.o)
 .debug_abbrev  0x0000000000000f0f       0x65 cpu/mips/libmips.a(interrupts.o)

.debug_info     0x0000000000000000     0x283d
 .debug_info    0x0000000000000000      0x6aa lib_bootstrap/libbootstrap.a(bootstrap_board.o)
 .debug_info    0x00000000000006aa      0x729 lib_bootstrap/libbootstrap.a(string.o)
 .debug_info    0x0000000000000dd3      0x136 lib_bootstrap/libbootstrap.a(crc32.o)
 .debug_info    0x0000000000000f09      0x35b lib_bootstrap/libbootstrap.a(LzmaWrapper.o)
 .debug_info    0x0000000000001264      0x28e lib_bootstrap/libbootstrap.a(time.o)
 .debug_info    0x00000000000014f2      0x4eb lib_bootstrap/libbootstrap.a(LzmaDecode.o)
 .debug_info    0x00000000000019dd      0x1f8 board/atheros/board956x/libboard956x.a(board956x.o)
 .debug_info    0x0000000000001bd5      0x502 board/atheros/board956x/libboard956x.a(init-956x.o)
 .debug_info    0x00000000000020d7      0x180 board/atheros/board956x/libboard956x.a(serial.o)
 .debug_info    0x0000000000002257      0x53e board/atheros/board956x/libboard956x.a(ath_pci.o)
 .debug_info    0x0000000000002795       0xa8 cpu/mips/libmips.a(interrupts.o)

.debug_line     0x0000000000000000      0xef5
 .debug_line    0x0000000000000000      0x1df lib_bootstrap/libbootstrap.a(bootstrap_board.o)
 .debug_line    0x00000000000001df      0x1ad lib_bootstrap/libbootstrap.a(string.o)
 .debug_line    0x000000000000038c       0xd5 lib_bootstrap/libbootstrap.a(crc32.o)
 .debug_line    0x0000000000000461      0x15c lib_bootstrap/libbootstrap.a(LzmaWrapper.o)
 .debug_line    0x00000000000005bd       0xf0 lib_bootstrap/libbootstrap.a(time.o)
 .debug_line    0x00000000000006ad      0x1d8 lib_bootstrap/libbootstrap.a(LzmaDecode.o)
 .debug_line    0x0000000000000885      0x133 board/atheros/board956x/libboard956x.a(board956x.o)
 .debug_line    0x00000000000009b8      0x209 board/atheros/board956x/libboard956x.a(init-956x.o)
 .debug_line    0x0000000000000bc1      0x132 board/atheros/board956x/libboard956x.a(serial.o)
 .debug_line    0x0000000000000cf3      0x1c3 board/atheros/board956x/libboard956x.a(ath_pci.o)
 .debug_line    0x0000000000000eb6       0x3f cpu/mips/libmips.a(interrupts.o)

.debug_frame    0x0000000000000000      0x56c
 .debug_frame   0x0000000000000000       0xb0 lib_bootstrap/libbootstrap.a(bootstrap_board.o)
 .debug_frame   0x00000000000000b0      0x16c lib_bootstrap/libbootstrap.a(string.o)
 .debug_frame   0x000000000000021c       0x20 lib_bootstrap/libbootstrap.a(crc32.o)
 .debug_frame   0x000000000000023c       0x38 lib_bootstrap/libbootstrap.a(LzmaWrapper.o)
 .debug_frame   0x0000000000000274       0x88 lib_bootstrap/libbootstrap.a(time.o)
 .debug_frame   0x00000000000002fc       0x48 lib_bootstrap/libbootstrap.a(LzmaDecode.o)
 .debug_frame   0x0000000000000344       0x94 board/atheros/board956x/libboard956x.a(board956x.o)
 .debug_frame   0x00000000000003d8       0x80 board/atheros/board956x/libboard956x.a(init-956x.o)
 .debug_frame   0x0000000000000458       0x90 board/atheros/board956x/libboard956x.a(serial.o)
 .debug_frame   0x00000000000004e8       0x54 board/atheros/board956x/libboard956x.a(ath_pci.o)
 .debug_frame   0x000000000000053c       0x30 cpu/mips/libmips.a(interrupts.o)

.debug_loc      0x0000000000000000     0x15e5
 .debug_loc     0x0000000000000000      0x180 lib_bootstrap/libbootstrap.a(bootstrap_board.o)
 .debug_loc     0x0000000000000180      0x407 lib_bootstrap/libbootstrap.a(string.o)
 .debug_loc     0x0000000000000587       0xc8 lib_bootstrap/libbootstrap.a(crc32.o)
 .debug_loc     0x000000000000064f      0x21b lib_bootstrap/libbootstrap.a(LzmaWrapper.o)
 .debug_loc     0x000000000000086a       0x6b lib_bootstrap/libbootstrap.a(time.o)
 .debug_loc     0x00000000000008d5      0x802 lib_bootstrap/libbootstrap.a(LzmaDecode.o)
 .debug_loc     0x00000000000010d7       0xdb board/atheros/board956x/libboard956x.a(board956x.o)
 .debug_loc     0x00000000000011b2      0x314 board/atheros/board956x/libboard956x.a(init-956x.o)
 .debug_loc     0x00000000000014c6       0xe1 board/atheros/board956x/libboard956x.a(serial.o)
 .debug_loc     0x00000000000015a7       0x3e board/atheros/board956x/libboard956x.a(ath_pci.o)

.debug_pubnames
                0x0000000000000000      0x49f
 .debug_pubnames
                0x0000000000000000       0xbc lib_bootstrap/libbootstrap.a(bootstrap_board.o)
 .debug_pubnames
                0x00000000000000bc       0xec lib_bootstrap/libbootstrap.a(string.o)
 .debug_pubnames
                0x00000000000001a8       0x1c lib_bootstrap/libbootstrap.a(crc32.o)
 .debug_pubnames
                0x00000000000001c4       0x23 lib_bootstrap/libbootstrap.a(LzmaWrapper.o)
 .debug_pubnames
                0x00000000000001e7       0x74 lib_bootstrap/libbootstrap.a(time.o)
 .debug_pubnames
                0x000000000000025b       0x3a lib_bootstrap/libbootstrap.a(LzmaDecode.o)
 .debug_pubnames
                0x0000000000000295       0x8d board/atheros/board956x/libboard956x.a(board956x.o)
 .debug_pubnames
                0x0000000000000322       0x7c board/atheros/board956x/libboard956x.a(init-956x.o)
 .debug_pubnames
                0x000000000000039e       0x74 board/atheros/board956x/libboard956x.a(serial.o)
 .debug_pubnames
                0x0000000000000412       0x4e board/atheros/board956x/libboard956x.a(ath_pci.o)
 .debug_pubnames
                0x0000000000000460       0x3f cpu/mips/libmips.a(interrupts.o)

.debug_aranges  0x0000000000000000      0x160
 .debug_aranges
                0x0000000000000000       0x20 lib_bootstrap/libbootstrap.a(bootstrap_board.o)
 .debug_aranges
                0x0000000000000020       0x20 lib_bootstrap/libbootstrap.a(string.o)
 .debug_aranges
                0x0000000000000040       0x20 lib_bootstrap/libbootstrap.a(crc32.o)
 .debug_aranges
                0x0000000000000060       0x20 lib_bootstrap/libbootstrap.a(LzmaWrapper.o)
 .debug_aranges
                0x0000000000000080       0x20 lib_bootstrap/libbootstrap.a(time.o)
 .debug_aranges
                0x00000000000000a0       0x20 lib_bootstrap/libbootstrap.a(LzmaDecode.o)
 .debug_aranges
                0x00000000000000c0       0x20 board/atheros/board956x/libboard956x.a(board956x.o)
 .debug_aranges
                0x00000000000000e0       0x20 board/atheros/board956x/libboard956x.a(init-956x.o)
 .debug_aranges
                0x0000000000000100       0x20 board/atheros/board956x/libboard956x.a(serial.o)
 .debug_aranges
                0x0000000000000120       0x20 board/atheros/board956x/libboard956x.a(ath_pci.o)
 .debug_aranges
                0x0000000000000140       0x20 cpu/mips/libmips.a(interrupts.o)

.debug_ranges   0x0000000000000000      0x250
 .debug_ranges  0x0000000000000000       0x18 lib_bootstrap/libbootstrap.a(bootstrap_board.o)
 .debug_ranges  0x0000000000000018       0x98 lib_bootstrap/libbootstrap.a(LzmaWrapper.o)
 .debug_ranges  0x00000000000000b0      0x128 lib_bootstrap/libbootstrap.a(LzmaDecode.o)
 .debug_ranges  0x00000000000001d8       0x58 board/atheros/board956x/libboard956x.a(board956x.o)
 .debug_ranges  0x0000000000000230       0x20 board/atheros/board956x/libboard956x.a(ath_pci.o)

.debug_str      0x0000000000000000      0xeaa
 .debug_str     0x0000000000000000      0x3b9 lib_bootstrap/libbootstrap.a(bootstrap_board.o)
                                        0x41b (size before relaxing)
 .debug_str     0x00000000000003b9       0xd6 lib_bootstrap/libbootstrap.a(string.o)
                                        0x1d5 (size before relaxing)
 .debug_str     0x000000000000048f       0x30 lib_bootstrap/libbootstrap.a(crc32.o)
                                        0x121 (size before relaxing)
 .debug_str     0x00000000000004bf      0x124 lib_bootstrap/libbootstrap.a(LzmaWrapper.o)
                                        0x265 (size before relaxing)
 .debug_str     0x00000000000005e3       0x7c lib_bootstrap/libbootstrap.a(time.o)
                                        0x17e (size before relaxing)
 .debug_str     0x000000000000065f      0x139 lib_bootstrap/libbootstrap.a(LzmaDecode.o)
                                        0x261 (size before relaxing)
 .debug_str     0x0000000000000798       0xcd board/atheros/board956x/libboard956x.a(board956x.o)
                                        0x191 (size before relaxing)
 .debug_str     0x0000000000000865      0x3ac board/atheros/board956x/libboard956x.a(init-956x.o)
                                        0x4c7 (size before relaxing)
 .debug_str     0x0000000000000c11       0x5d board/atheros/board956x/libboard956x.a(serial.o)
                                        0x161 (size before relaxing)
 .debug_str     0x0000000000000c6e      0x1c1 board/atheros/board956x/libboard956x.a(ath_pci.o)
                                        0x2e4 (size before relaxing)
 .debug_str     0x0000000000000e2f       0x7b cpu/mips/libmips.a(interrupts.o)
                                        0x113 (size before relaxing)

.comment        0x0000000000000000       0xc6
 .comment       0x0000000000000000       0x12 lib_bootstrap/libbootstrap.a(bootstrap_board.o)
 .comment       0x0000000000000012       0x12 lib_bootstrap/libbootstrap.a(string.o)
 .comment       0x0000000000000024       0x12 lib_bootstrap/libbootstrap.a(crc32.o)
 .comment       0x0000000000000036       0x12 lib_bootstrap/libbootstrap.a(LzmaWrapper.o)
 .comment       0x0000000000000048       0x12 lib_bootstrap/libbootstrap.a(time.o)
 .comment       0x000000000000005a       0x12 lib_bootstrap/libbootstrap.a(LzmaDecode.o)
 .comment       0x000000000000006c       0x12 board/atheros/board956x/libboard956x.a(board956x.o)
 .comment       0x000000000000007e       0x12 board/atheros/board956x/libboard956x.a(init-956x.o)
 .comment       0x0000000000000090       0x12 board/atheros/board956x/libboard956x.a(serial.o)
 .comment       0x00000000000000a2       0x12 board/atheros/board956x/libboard956x.a(ath_pci.o)
 .comment       0x00000000000000b4       0x12 cpu/mips/libmips.a(interrupts.o)

.gnu.attributes
                0x0000000000000000       0x10
 .gnu.attributes
                0x0000000000000000       0x10 lib_bootstrap/libbootstrap.a(bootstrap_board.o)
 .gnu.attributes
                0x0000000000000010       0x10 lib_bootstrap/libbootstrap.a(string.o)
 .gnu.attributes
                0x0000000000000020       0x10 lib_bootstrap/libbootstrap.a(crc32.o)
 .gnu.attributes
                0x0000000000000030       0x10 lib_bootstrap/libbootstrap.a(LzmaWrapper.o)
 .gnu.attributes
                0x0000000000000040       0x10 lib_bootstrap/libbootstrap.a(time.o)
 .gnu.attributes
                0x0000000000000050       0x10 lib_bootstrap/libbootstrap.a(LzmaDecode.o)
 .gnu.attributes
                0x0000000000000060       0x10 board/atheros/board956x/libboard956x.a(board956x.o)
 .gnu.attributes
                0x0000000000000070       0x10 board/atheros/board956x/libboard956x.a(init-956x.o)
 .gnu.attributes
                0x0000000000000080       0x10 board/atheros/board956x/libboard956x.a(serial.o)
 .gnu.attributes
                0x0000000000000090       0x10 board/atheros/board956x/libboard956x.a(ath_pci.o)
 .gnu.attributes
                0x00000000000000a0       0x10 cpu/mips/libmips.a(interrupts.o)
